mode: set
github.com/EliasEMC/rickpoke-poc/cmd/server/main.go:16.13,46.2 16 0
github.com/EliasEMC/rickpoke-poc/internal/adapter/api/poke_client.go:23.101,29.2 1 0
github.com/EliasEMC/rickpoke-poc/internal/adapter/api/poke_client.go:32.90,33.55 1 0
github.com/EliasEMC/rickpoke-poc/internal/adapter/api/poke_client.go:33.55,38.17 4 0
github.com/EliasEMC/rickpoke-poc/internal/adapter/api/poke_client.go:38.17,40.4 1 0
github.com/EliasEMC/rickpoke-poc/internal/adapter/api/poke_client.go:41.3,43.39 2 0
github.com/EliasEMC/rickpoke-poc/internal/adapter/api/poke_client.go:43.39,45.4 1 0
github.com/EliasEMC/rickpoke-poc/internal/adapter/api/poke_client.go:48.3,56.65 2 0
github.com/EliasEMC/rickpoke-poc/internal/adapter/api/poke_client.go:56.65,58.4 1 0
github.com/EliasEMC/rickpoke-poc/internal/adapter/api/poke_client.go:60.3,63.25 2 0
github.com/EliasEMC/rickpoke-poc/internal/adapter/api/poke_client.go:63.25,65.4 1 0
github.com/EliasEMC/rickpoke-poc/internal/adapter/api/poke_client.go:66.3,66.19 1 0
github.com/EliasEMC/rickpoke-poc/internal/adapter/api/poke_client.go:69.2,69.16 1 0
github.com/EliasEMC/rickpoke-poc/internal/adapter/api/poke_client.go:69.16,71.3 1 0
github.com/EliasEMC/rickpoke-poc/internal/adapter/api/poke_client.go:72.2,72.34 1 0
github.com/EliasEMC/rickpoke-poc/internal/adapter/api/poke_client.go:77.46,79.2 1 0
github.com/EliasEMC/rickpoke-poc/internal/adapter/api/rick_client.go:21.101,27.2 1 0
github.com/EliasEMC/rickpoke-poc/internal/adapter/api/rick_client.go:29.80,30.55 1 0
github.com/EliasEMC/rickpoke-poc/internal/adapter/api/rick_client.go:30.55,35.17 4 0
github.com/EliasEMC/rickpoke-poc/internal/adapter/api/rick_client.go:35.17,37.4 1 0
github.com/EliasEMC/rickpoke-poc/internal/adapter/api/rick_client.go:38.3,40.39 2 0
github.com/EliasEMC/rickpoke-poc/internal/adapter/api/rick_client.go:40.39,42.4 1 0
github.com/EliasEMC/rickpoke-poc/internal/adapter/api/rick_client.go:44.3,51.65 2 0
github.com/EliasEMC/rickpoke-poc/internal/adapter/api/rick_client.go:51.65,53.4 1 0
github.com/EliasEMC/rickpoke-poc/internal/adapter/api/rick_client.go:54.3,58.9 1 0
github.com/EliasEMC/rickpoke-poc/internal/adapter/api/rick_client.go:60.2,60.16 1 0
github.com/EliasEMC/rickpoke-poc/internal/adapter/api/rick_client.go:60.16,62.3 1 0
github.com/EliasEMC/rickpoke-poc/internal/adapter/api/rick_client.go:63.2,63.31 1 0
github.com/EliasEMC/rickpoke-poc/internal/adapter/api/rick_client.go:68.46,70.2 1 0
github.com/EliasEMC/rickpoke-poc/pkg/utils/http_client.go:8.56,17.2 1 0
github.com/EliasEMC/rickpoke-poc/pkg/utils/logger.go:5.42,7.22 2 0
github.com/EliasEMC/rickpoke-poc/pkg/utils/logger.go:7.22,9.3 1 0
github.com/EliasEMC/rickpoke-poc/pkg/utils/logger.go:10.2,11.15 2 0
github.com/EliasEMC/rickpoke-poc/pkg/utils/retry.go:5.70,7.32 2 0
github.com/EliasEMC/rickpoke-poc/pkg/utils/retry.go:7.32,8.29 1 0
github.com/EliasEMC/rickpoke-poc/pkg/utils/retry.go:8.29,10.4 1 0
github.com/EliasEMC/rickpoke-poc/pkg/utils/retry.go:11.3,11.20 1 0
github.com/EliasEMC/rickpoke-poc/pkg/utils/retry.go:13.2,13.12 1 0
github.com/EliasEMC/rickpoke-poc/internal/mocks/internal_/domain/service/CharacterFetcher.go:18.87,21.19 2 0
github.com/EliasEMC/rickpoke-poc/internal/mocks/internal_/domain/service/CharacterFetcher.go:21.19,22.49 1 0
github.com/EliasEMC/rickpoke-poc/internal/mocks/internal_/domain/service/CharacterFetcher.go:25.2,27.80 3 0
github.com/EliasEMC/rickpoke-poc/internal/mocks/internal_/domain/service/CharacterFetcher.go:27.80,29.3 1 0
github.com/EliasEMC/rickpoke-poc/internal/mocks/internal_/domain/service/CharacterFetcher.go:30.2,30.71 1 0
github.com/EliasEMC/rickpoke-poc/internal/mocks/internal_/domain/service/CharacterFetcher.go:30.71,32.3 1 0
github.com/EliasEMC/rickpoke-poc/internal/mocks/internal_/domain/service/CharacterFetcher.go:32.8,33.24 1 0
github.com/EliasEMC/rickpoke-poc/internal/mocks/internal_/domain/service/CharacterFetcher.go:33.24,35.4 1 0
github.com/EliasEMC/rickpoke-poc/internal/mocks/internal_/domain/service/CharacterFetcher.go:38.2,38.65 1 0
github.com/EliasEMC/rickpoke-poc/internal/mocks/internal_/domain/service/CharacterFetcher.go:38.65,40.3 1 0
github.com/EliasEMC/rickpoke-poc/internal/mocks/internal_/domain/service/CharacterFetcher.go:40.8,42.3 1 0
github.com/EliasEMC/rickpoke-poc/internal/mocks/internal_/domain/service/CharacterFetcher.go:44.2,44.15 1 0
github.com/EliasEMC/rickpoke-poc/internal/mocks/internal_/domain/service/CharacterFetcher.go:52.22,56.19 3 0
github.com/EliasEMC/rickpoke-poc/internal/mocks/internal_/domain/service/CharacterFetcher.go:56.19,56.49 1 0
github.com/EliasEMC/rickpoke-poc/internal/mocks/internal_/domain/service/CharacterFetcher.go:58.2,58.13 1 0
github.com/EliasEMC/rickpoke-poc/internal/mocks/internal_/domain/service/PokemonFetcher.go:18.95,21.19 2 0
github.com/EliasEMC/rickpoke-poc/internal/mocks/internal_/domain/service/PokemonFetcher.go:21.19,22.51 1 0
github.com/EliasEMC/rickpoke-poc/internal/mocks/internal_/domain/service/PokemonFetcher.go:25.2,27.86 3 0
github.com/EliasEMC/rickpoke-poc/internal/mocks/internal_/domain/service/PokemonFetcher.go:27.86,29.3 1 0
github.com/EliasEMC/rickpoke-poc/internal/mocks/internal_/domain/service/PokemonFetcher.go:30.2,30.77 1 0
github.com/EliasEMC/rickpoke-poc/internal/mocks/internal_/domain/service/PokemonFetcher.go:30.77,32.3 1 0
github.com/EliasEMC/rickpoke-poc/internal/mocks/internal_/domain/service/PokemonFetcher.go:32.8,33.24 1 0
github.com/EliasEMC/rickpoke-poc/internal/mocks/internal_/domain/service/PokemonFetcher.go:33.24,35.4 1 0
github.com/EliasEMC/rickpoke-poc/internal/mocks/internal_/domain/service/PokemonFetcher.go:38.2,38.68 1 0
github.com/EliasEMC/rickpoke-poc/internal/mocks/internal_/domain/service/PokemonFetcher.go:38.68,40.3 1 0
github.com/EliasEMC/rickpoke-poc/internal/mocks/internal_/domain/service/PokemonFetcher.go:40.8,42.3 1 0
github.com/EliasEMC/rickpoke-poc/internal/mocks/internal_/domain/service/PokemonFetcher.go:44.2,44.15 1 0
github.com/EliasEMC/rickpoke-poc/internal/mocks/internal_/domain/service/PokemonFetcher.go:52.20,56.19 3 0
github.com/EliasEMC/rickpoke-poc/internal/mocks/internal_/domain/service/PokemonFetcher.go:56.19,56.49 1 0
github.com/EliasEMC/rickpoke-poc/internal/mocks/internal_/domain/service/PokemonFetcher.go:58.2,58.13 1 0
github.com/EliasEMC/rickpoke-poc/internal/config/config.go:17.20,19.48 2 0
github.com/EliasEMC/rickpoke-poc/internal/config/config.go:19.48,20.58 1 0
github.com/EliasEMC/rickpoke-poc/internal/config/config.go:20.58,22.4 1 0
github.com/EliasEMC/rickpoke-poc/internal/config/config.go:24.2,30.3 1 0
github.com/EliasEMC/rickpoke-poc/internal/config/config.go:33.33,34.32 1 0
github.com/EliasEMC/rickpoke-poc/internal/config/config.go:34.32,36.3 1 0
github.com/EliasEMC/rickpoke-poc/internal/config/config.go:37.2,37.10 1 0
github.com/EliasEMC/rickpoke-poc/internal/config/config.go:40.22,41.16 1 0
github.com/EliasEMC/rickpoke-poc/internal/config/config.go:41.16,43.3 1 0
github.com/EliasEMC/rickpoke-poc/internal/infrastructure/circuitbreaker/breaker.go:9.49,14.46 1 0
github.com/EliasEMC/rickpoke-poc/internal/infrastructure/circuitbreaker/breaker.go:14.46,16.4 1 0
github.com/EliasEMC/rickpoke-poc/internal/infrastructure/circuitbreaker/breaker.go:18.2,18.46 1 0
github.com/EliasEMC/rickpoke-poc/internal/infrastructure/http/router.go:18.15,32.42 7 0
github.com/EliasEMC/rickpoke-poc/internal/infrastructure/http/router.go:32.42,36.23 4 0
github.com/EliasEMC/rickpoke-poc/internal/infrastructure/http/router.go:36.23,39.10 2 0
github.com/EliasEMC/rickpoke-poc/internal/infrastructure/http/router.go:40.9,40.26 1 0
github.com/EliasEMC/rickpoke-poc/internal/infrastructure/http/router.go:44.2,44.42 1 0
github.com/EliasEMC/rickpoke-poc/internal/infrastructure/http/router.go:44.42,49.3 1 0
github.com/EliasEMC/rickpoke-poc/internal/infrastructure/http/router.go:51.2,51.10 1 0
github.com/EliasEMC/rickpoke-poc/internal/adapter/handler/character_handler.go:11.77,12.42 1 1
github.com/EliasEMC/rickpoke-poc/internal/adapter/handler/character_handler.go:12.42,14.17 2 1
github.com/EliasEMC/rickpoke-poc/internal/adapter/handler/character_handler.go:14.17,17.4 2 0
github.com/EliasEMC/rickpoke-poc/internal/adapter/handler/character_handler.go:18.3,19.17 2 1
github.com/EliasEMC/rickpoke-poc/internal/adapter/handler/character_handler.go:19.17,22.4 2 0
github.com/EliasEMC/rickpoke-poc/internal/adapter/handler/character_handler.go:23.3,23.29 1 1
github.com/EliasEMC/rickpoke-poc/internal/adapter/handler/pokemon_handler.go:11.73,12.47 1 1
github.com/EliasEMC/rickpoke-poc/internal/adapter/handler/pokemon_handler.go:12.47,15.17 3 1
github.com/EliasEMC/rickpoke-poc/internal/adapter/handler/pokemon_handler.go:15.17,18.4 2 0
github.com/EliasEMC/rickpoke-poc/internal/adapter/handler/pokemon_handler.go:19.3,19.29 1 1
github.com/EliasEMC/rickpoke-poc/internal/usecase/combined_uc.go:15.108,17.16 2 1
github.com/EliasEMC/rickpoke-poc/internal/usecase/combined_uc.go:17.16,19.3 1 0
github.com/EliasEMC/rickpoke-poc/internal/usecase/combined_uc.go:20.2,21.16 2 1
github.com/EliasEMC/rickpoke-poc/internal/usecase/combined_uc.go:21.16,23.3 1 0
github.com/EliasEMC/rickpoke-poc/internal/usecase/combined_uc.go:24.2,27.8 1 1
github.com/EliasEMC/rickpoke-poc/internal/usecase/combined_uc.go:31.44,31.79 1 0
github.com/EliasEMC/rickpoke-poc/internal/usecase/combined_uc.go:32.44,32.79 1 0
github.com/EliasEMC/rickpoke-poc/internal/usecase/combined_uc.go:34.43,35.61 1 0
github.com/EliasEMC/rickpoke-poc/internal/usecase/combined_uc.go:35.61,37.3 1 0
github.com/EliasEMC/rickpoke-poc/internal/usecase/combined_uc.go:38.2,38.18 1 0
github.com/EliasEMC/rickpoke-poc/internal/usecase/fetch_character.go:13.80,15.2 1 1
github.com/EliasEMC/rickpoke-poc/internal/usecase/fetch_pokemon.go:13.83,15.2 1 1
